// Jest Snapshot v1, https://goo.gl/fbAQLP

exports[`>>>Control: FilterAction --- Snapshot +++capturing Snapshot of FilterAction 1`] = `
<div
  className="FilterAction"
  id="FilterAction"
>
  <button
    className="btn btn-sm btn-link"
    disabled={false}
    onClick={[Function]}
    type="button"
  >
    My Filter
     
    <img
      alt="Filter"
      src="/assets/Filter.svg"
    />
  </button>
</div>
`;
