// Jest Snapshot v1, https://goo.gl/fbAQLP

exports[`>>>Control: JumpBack --- Snapshot +++capturing Snapshot of JumpBack 1`] = `
<div>
  <div
    className="__react_component_tooltip place-top type-dark "
    data-id="tooltip"
    id={undefined}
  />
  <div
    className="JumpBack"
    data-tip="F2"
    id="JumpBack"
    onClick={[Function]}
  >
    «
  </div>
</div>
`;
