// Jest Snapshot v1, https://goo.gl/fbAQLP

exports[`>>>Control: PasswordField --- Snapshot +++capturing Snapshot of PasswordField 1`] = `
<div
  className="PasswordField"
  id={undefined}
>
  <div
    className="bodyRow"
  >
    <div
      className="dataColumn"
    >
      <label
        className="Caption CaptionGreen"
      >
        
      </label>
      <input
        className="DataColor"
        maxLength={12}
        minLength={6}
        onChange={[Function]}
        placeholder="Password"
        readOnly={undefined}
        type="password"
        value={undefined}
      />
    </div>
    <div
      className="tickButton Hide"
      onClick={[Function]}
    >
      <img
        alt="E"
        src="/assets/Tick.svg"
      />
    </div>
    <div
      className="clearButton"
      onClick={[Function]}
    >
      <img
        alt="X"
        src="/assets/Clear.svg"
      />
    </div>
  </div>
  <div
    className="Message BorderTopGreen"
  >
    <label>
      
    </label>
  </div>
</div>
`;
